                                            
********************************************
Report        : Transition                  
Design        : lifcc                  
Version       : M-2017.06-SP1                        
Date          : Mon Jan 29 04:09:09 PST 2018                 
********************************************
                                            
** Pin : serdes_s4_lifc_u0/sbphys2a1s14lpp28g4l1c_phy_u0/BLOCK_BUFFER_IN_CLK_20/A                                                  (   in), R=4.378983, F=4.393521, Threshold=0.200000, LibThreshold=0.338000
** Pin : esi_dft_occ_wrap_SERDES_scan_clk_ln1_rxdiv_i/pll_clk_ATibuf_i101/A                                                        (   in), R=2.210853, F=2.224437, Threshold=0.200000, LibThreshold=0.338000
** Pin : serdes_s4_lifc_u0/sbphys2a1s14lpp28g4l1c_phy_u0/BLOCK_BUFFER_IN_CLK_21/A                                                  (   in), R=1.819183, F=1.829395, Threshold=0.200000, LibThreshold=0.338000
** Pin : BLOCK_BUFFER_OUT_385/A                                                                                                    (   in), R=1.678794, F=1.684587, Threshold=0.200000, LibThreshold=0.338000
** Pin : diode445109/A                                                                                                             (   in), R=1.678796, F=1.684591, Threshold=0.200000, LibThreshold=0.338000
** Pin : diode445104/A                                                                                                             (   in), R=1.657988, F=1.644896, Threshold=0.200000, LibThreshold=0.338000
** Pin : BLOCK_BUFFER_OUT_391/A                                                                                                    (   in), R=1.657976, F=1.644891, Threshold=0.200000, LibThreshold=0.338000
** Pin : serdes_s4_lifc_u0/sbphys2a1s14lpp28g4l1c_phy_u0/BLOCK_BUFFER_IN_CLK_17/A                                                  (   in), R=1.547171, F=1.541559, Threshold=0.200000, LibThreshold=0.338000
** Pin : diode445103/A                                                                                                             (   in), R=1.399233, F=1.355925, Threshold=0.200000, LibThreshold=0.338000
** Pin : BLOCK_BUFFER_OUT_386/A                                                                                                    (   in), R=1.399242, F=1.355927, Threshold=0.200000, LibThreshold=0.338000
** Pin : esi_dft_occ_wrap_SERDES_scan_clk_ln2_rx_i/pll_clk_ATibuf_i101/A                                                           (   in), R=1.189749, F=1.205641, Threshold=0.200000, LibThreshold=0.338000
** Pin : BLOCK_BUFFER_OUT_392/A                                                                                                    (   in), R=1.188677, F=1.181356, Threshold=0.200000, LibThreshold=0.338000
** Pin : diode445105/A                                                                                                             (   in), R=1.188655, F=1.181360, Threshold=0.200000, LibThreshold=0.338000
** Pin : esi_dft_occ_wrap_SERDES_scan_clk_ln2_rxdiv_i/pll_clk_ATibuf_i101/A                                                        (   in), R=1.114820, F=1.115626, Threshold=0.200000, LibThreshold=0.338000
** Pin : BLOCK_BUFFER_OUT_389/A                                                                                                    (   in), R=0.913842, F=0.873395, Threshold=0.200000, LibThreshold=0.338000
** Pin : diode458722/A                                                                                                             (   in), R=0.913842, F=0.873395, Threshold=0.200000, LibThreshold=0.338000
** Pin : BLOCK_BUFFER_OUT_387/A                                                                                                    (   in), R=0.869012, F=0.845397, Threshold=0.200000, LibThreshold=0.338000
** Pin : diode445108/A                                                                                                             (   in), R=0.869010, F=0.845394, Threshold=0.200000, LibThreshold=0.338000
** Pin : BLOCK_BUFFER_OUT_383/A                                                                                                    (   in), R=0.845191, F=0.839238, Threshold=0.200000, LibThreshold=0.338000
** Pin : diode445107/A                                                                                                             (   in), R=0.845188, F=0.839234, Threshold=0.200000, LibThreshold=0.338000
** Pin : diode443931/A                                                                                                             (   in), R=0.779463, F=0.740133, Threshold=0.200000, LibThreshold=0.338000
** Pin : BLOCK_BUFFER_OUT_394/A                                                                                                    (   in), R=0.779453, F=0.740136, Threshold=0.200000, LibThreshold=0.338000
** Pin : BLOCK_BUFFER_OUT_388/A                                                                                                    (   in), R=0.738802, F=0.715543, Threshold=0.200000, LibThreshold=0.338000
** Pin : diode445110/A                                                                                                             (   in), R=0.738804, F=0.715537, Threshold=0.200000, LibThreshold=0.338000
** Pin : esi_dft_occ_wrap_SERDES_scan_clk_ln3_rx_i/pll_clk_ATibuf_i101/A                                                           (   in), R=0.680815, F=0.682929, Threshold=0.200000, LibThreshold=0.338000
** Pin : diode445111/A                                                                                                             (   in), R=0.675631, F=0.667928, Threshold=0.200000, LibThreshold=0.338000
** Pin : BLOCK_BUFFER_OUT_393/A                                                                                                    (   in), R=0.675633, F=0.667928, Threshold=0.200000, LibThreshold=0.338000
** Pin : BLOCK_BUFFER_OUT_384/A                                                                                                    (   in), R=0.664985, F=0.648619, Threshold=0.200000, LibThreshold=0.338000
** Pin : diode457333/A                                                                                                             (   in), R=0.664977, F=0.648621, Threshold=0.200000, LibThreshold=0.338000
** Pin : BLOCK_BUFFER_OUT_390/A                                                                                                    (   in), R=0.646255, F=0.628965, Threshold=0.200000, LibThreshold=0.338000
** Pin : diode445106/A                                                                                                             (   in), R=0.646236, F=0.628952, Threshold=0.200000, LibThreshold=0.338000
** Pin : serdes_s4_lifc_u0/sbphys2a1s14lpp28g4l1c_phy_u0/BLOCK_BUFFER_IN_CLK_23/A                                                  (   in), R=0.618478, F=0.619832, Threshold=0.200000, LibThreshold=0.338000
** Pin : serdes_s4_lifc_u0/serdes_s4_crm_lifc_u0/U11/A0                                                                            (   in), R=0.556197, F=0.553040, Threshold=0.200000, LibThreshold=0.338000
** Pin : serdes_s4_lifc_u0/serdes_s4_crm_lifc_u0/npe_synchronizer_u3/SDFFYRPQ2D_INST_3__SDFFYRPQ2D/D                               (   in), R=0.556085, F=0.552964, Threshold=0.200000, LibThreshold=0.338000
** Pin : serdes_s4_lifc_u0/sbphys2a1s14lpp28g4l1c_phy_u0/BLOCK_BUFFER_IN_CLK_19/A                                                  (   in), R=0.526802, F=0.524124, Threshold=0.200000, LibThreshold=0.338000
** Pin : cfg/cfg_pcie_top/pcie_wrapper_u0/u_pma/ATBSP                                                                              (inout), R=0.511102, F=0.511102, Threshold=0.200000, LibThreshold=0.360000
** Pin : serdes_s4_lifc_u0/sbphys2a1s14lpp28g4l1c_phy_u0/BLOCK_BUFFER_IN_CLK_22/A                                                  (   in), R=0.503794, F=0.510232, Threshold=0.200000, LibThreshold=0.338000
** Pin : cfg/cfg_pcie_top/pcie_wrapper_u0/u_pma/ATBSN                                                                              (inout), R=0.474906, F=0.474906, Threshold=0.200000, LibThreshold=0.360000
** Pin : esi_dft_occ_wrap_SERDES_scan_clk_pll2ref_i/pll_clk_ATibuf_i101/A                                                          (   in), R=0.469155, F=0.467204, Threshold=0.200000, LibThreshold=0.338000
** Pin : cfg/cfg_pcie_top/pcie_wrapper_u0/u_pcs_lane1_wrapper/u_pcs_pcie_core/i_pcs_pcie_lane_control0/RO_ropt_mt_inst_447082/A    (   in), R=0.438289, F=0.436785, Threshold=0.200000, LibThreshold=0.338000
** Pin : serdes_s4_lifc_u0/serdes_s4_cfg_lifc_u0/U846/B                                                                            (   in), R=0.340395, F=0.342376, Threshold=0.200000, LibThreshold=0.338000
** Pin : serdes_s4_lifc_u0/serdes_s4_cfg_lifc_u0/U845/B                                                                            (   in), R=0.330826, F=0.333042, Threshold=0.200000, LibThreshold=0.338000
** Pin : serdes_s4_lifc_u0/RO_ropt_mt_inst_457335/A                                                                                (   in), R=0.328324, F=0.329594, Threshold=0.200000, LibThreshold=0.338000
** Pin : lifcc_gate_tessent_tdr_MEM_PROGRAMMABLE_BITs_inst/tdr_reg_88_/SI                                                          (   in), R=0.272373, F=0.177838, Threshold=0.200000, LibThreshold=0.338000
** Pin : lifcc_gate_tessent_tdr_MEM_PROGRAMMABLE_BITs_inst/tdr_reg_83_/SI                                                          (   in), R=0.272373, F=0.177838, Threshold=0.200000, LibThreshold=0.338000
** Pin : lifcc_gate_tessent_tdr_MEM_PROGRAMMABLE_BITs_inst/tdr_reg_84_/SI                                                          (   in), R=0.272373, F=0.177838, Threshold=0.200000, LibThreshold=0.338000
** Pin : lifcc_gate_tessent_tdr_MEM_PROGRAMMABLE_BITs_inst/tdr_reg_86_/SI                                                          (   in), R=0.272373, F=0.177838, Threshold=0.200000, LibThreshold=0.338000
** Pin : lifcc_gate_tessent_tdr_MEM_PROGRAMMABLE_BITs_inst/tdr_reg_87_/SI                                                          (   in), R=0.272373, F=0.177838, Threshold=0.200000, LibThreshold=0.338000
** Pin : lifcc_gate_tessent_tdr_MEM_PROGRAMMABLE_BITs_inst/tdr_reg_82_/SI                                                          (   in), R=0.272373, F=0.177838, Threshold=0.200000, LibThreshold=0.338000
** Pin : lifcc_gate_tessent_tdr_MEM_PROGRAMMABLE_BITs_inst/tdr_latch88_reg/SI                                                      (   in), R=0.272373, F=0.177838, Threshold=0.200000, LibThreshold=0.338000
** Pin : lifcc_gate_tessent_tdr_MEM_PROGRAMMABLE_BITs_inst/tdr_latch86_reg/SI                                                      (   in), R=0.272373, F=0.177838, Threshold=0.200000, LibThreshold=0.338000
** Pin : lifcc_gate_tessent_tdr_MEM_PROGRAMMABLE_BITs_inst/tdr_reg_85_/SI                                                          (   in), R=0.272373, F=0.177838, Threshold=0.200000, LibThreshold=0.338000
** Pin : lifcc_gate_tessent_tdr_MEM_PROGRAMMABLE_BITs_inst/tdr_latch89_reg/SI                                                      (   in), R=0.272373, F=0.177838, Threshold=0.200000, LibThreshold=0.338000
** Pin : lifcc_gate_tessent_tdr_MEM_PROGRAMMABLE_BITs_inst/tdr_latch87_reg/SI                                                      (   in), R=0.272373, F=0.177838, Threshold=0.200000, LibThreshold=0.338000
** Pin : lifcc_gate_tessent_tdr_MEM_PROGRAMMABLE_BITs_inst/tdr_latch84_reg/SI                                                      (   in), R=0.272373, F=0.177838, Threshold=0.200000, LibThreshold=0.338000
** Pin : lifcc_gate_tessent_tdr_MEM_PROGRAMMABLE_BITs_inst/tdr_latch85_reg/SI                                                      (   in), R=0.272373, F=0.177838, Threshold=0.200000, LibThreshold=0.338000
** Pin : lifcc_gate_tessent_tdr_MEM_PROGRAMMABLE_BITs_inst/tdr_latch83_reg/SI                                                      (   in), R=0.272373, F=0.177838, Threshold=0.200000, LibThreshold=0.338000
** Pin : lifcc_gate_tessent_tdr_MEM_PROGRAMMABLE_BITs_inst/tdr_reg_89_/SI                                                          (   in), R=0.272373, F=0.177838, Threshold=0.200000, LibThreshold=0.338000
** Pin : lifcc_gate_tessent_tdr_MEM_PROGRAMMABLE_BITs_inst/PO_AINV_P_381251/A                                                      (   in), R=0.272373, F=0.177838, Threshold=0.200000, LibThreshold=0.338000
** Pin : lifcc_gate_tessent_tdr_MEM_PROGRAMMABLE_BITs_inst/PO_AINV_P_381254/A                                                      (   in), R=0.272373, F=0.177838, Threshold=0.200000, LibThreshold=0.338000
** Pin : lifcc_gate_tessent_tdr_MEM_PROGRAMMABLE_BITs_inst/PO_AINV_P_381265/Y                                                      (  out), R=0.272373, F=0.177838, Threshold=0.200000, LibThreshold=0.338000
** Pin : lifcc_gate_tessent_tdr_MEM_PROGRAMMABLE_BITs_inst/tdr_latch82_reg/SI                                                      (   in), R=0.272373, F=0.177838, Threshold=0.200000, LibThreshold=0.338000
** Pin : cfg/cfg_pcie_top/pcie_wrapper_u0/U_mem_intf/u_replay_buffer/ues_gmem_1r1w_1clk/mem_wrapper_gmem/pmem0_y0_x0/t_bypass      (   in), R=0.264634, F=0.106386, Threshold=0.200000, LibThreshold=1.000000
** Pin : serdes_s4_lifc_u0/serdes_s4_cfg_lifc_u0/npe_clk_mux2_u1/clkmux2to1_scan/B                                                 (   in), R=0.258725, F=0.259824, Threshold=0.200000, LibThreshold=0.338000
** Pin : lifcc_gate_tessent_tdr_MEM_PROGRAMMABLE_BITs_inst/PO_AINV_P_381235/A                                                      (   in), R=0.258621, F=0.199837, Threshold=0.200000, LibThreshold=0.338000
** Pin : lifcc_gate_tessent_tdr_MEM_PROGRAMMABLE_BITs_inst/PO_AINV_P_381234/A                                                      (   in), R=0.258621, F=0.199837, Threshold=0.200000, LibThreshold=0.338000
** Pin : lifcc_gate_tessent_tdr_MEM_PROGRAMMABLE_BITs_inst/PO_AINV_P_381237/A                                                      (   in), R=0.258621, F=0.199837, Threshold=0.200000, LibThreshold=0.338000
** Pin : lifcc_gate_tessent_tdr_MEM_PROGRAMMABLE_BITs_inst/PO_AINV_P_381236/A                                                      (   in), R=0.258621, F=0.199837, Threshold=0.200000, LibThreshold=0.338000
** Pin : lifcc_gate_tessent_tdr_MEM_PROGRAMMABLE_BITs_inst/PO_AINV_P_381251/Y                                                      (  out), R=0.258621, F=0.199837, Threshold=0.200000, LibThreshold=0.338000
** Pin : lifcc_gate_tessent_tdr_MEM_PROGRAMMABLE_BITs_inst/PO_AINV_P_381216/A                                                      (   in), R=0.258621, F=0.199837, Threshold=0.200000, LibThreshold=0.338000
** Pin : lifcc_gate_tessent_tdr_MEM_PROGRAMMABLE_BITs_inst/PO_AINV_P_381224/A                                                      (   in), R=0.258621, F=0.199837, Threshold=0.200000, LibThreshold=0.338000
** Pin : serdes_s4_lifc_u0/pmem_dmem_wrapper_u0/genvar_data_mem_1__serdes_s4_dmem_ecc_ram_1r1w_4608x8_wrapper_u0/ues_gmem_1r1w_1clk/mem_wrapper_gmem/pmem0_y0_x0/t_bypass  (   in), R=0.251450, F=0.095106, Threshold=0.200000, LibThreshold=1.000000
** Pin : serdes_s4_lifc_u0/pmem_dmem_wrapper_u0/genvar_data_mem_3__serdes_s4_dmem_ecc_ram_1r1w_4608x8_wrapper_u0/ues_gmem_1r1w_1clk/mem_wrapper_gmem/pmem0_y0_x0/t_bypass  (   in), R=0.251401, F=0.097532, Threshold=0.200000, LibThreshold=1.000000
** Pin : serdes_s4_lifc_u0/pmem_dmem_wrapper_u0/genvar_data_mem_0__serdes_s4_dmem_ecc_ram_1r1w_4608x8_wrapper_u0/ues_gmem_1r1w_1clk/mem_wrapper_gmem/pmem0_y0_x0/t_bypass  (   in), R=0.250851, F=0.100643, Threshold=0.200000, LibThreshold=1.000000
** Pin : cfg/cfg_pcie_top/pcie_wrapper_u0/U_mem_intf/u_pnp_fifo/ues_gmem_1r1w_1clk/mem_wrapper_gmem/pmem0_y0_x0/t_bypass           (   in), R=0.249381, F=0.099926, Threshold=0.200000, LibThreshold=1.000000
** Pin : serdes_s4_lifc_u0/pmem_dmem_wrapper_u0/genvar_data_mem_2__serdes_s4_dmem_ecc_ram_1r1w_4608x8_wrapper_u0/ues_gmem_1r1w_1clk/mem_wrapper_gmem/pmem0_y0_x0/t_bypass  (   in), R=0.241722, F=0.093574, Threshold=0.200000, LibThreshold=1.000000
** Pin : lifcc_gate_tessent_tdr_MEM_PROGRAMMABLE_BITs_inst/PO_AINV_P_381252/Y                                                      (  out), R=0.239136, F=0.156279, Threshold=0.200000, LibThreshold=0.338000
** Pin : lifcc_gate_tessent_tdr_MEM_PROGRAMMABLE_BITs_inst/PO_AINV_P_381247/A                                                      (   in), R=0.239136, F=0.156279, Threshold=0.200000, LibThreshold=0.338000
** Pin : serdes_s4_lifc_u0/mem2apb_u0/PO_BINV_R_374026/Y                                                                           (  out), R=0.237962, F=0.142293, Threshold=0.200000, LibThreshold=0.338000
** Pin : serdes_s4_lifc_u0/mem2apb_u0/PO_BINV_R_374025/A                                                                           (   in), R=0.237945, F=0.142707, Threshold=0.200000, LibThreshold=0.338000
** Pin : serdes_s4_lifc_u0/sbphys2a1s14lpp28g4l1c_phy_u0/i_dpl/i_dpl_core/i_ln2/i_dmux_txa/U81/A0                                  (   in), R=0.231777, F=0.162471, Threshold=0.200000, LibThreshold=0.338000
** Pin : serdes_s4_lifc_u0/sbphys2a1s14lpp28g4l1c_phy_u0/i_dpl/i_dpl_core/i_ln2/i_dmux_txa/U66/A0                                  (   in), R=0.231696, F=0.162463, Threshold=0.200000, LibThreshold=0.338000
** Pin : serdes_s4_lifc_u0/sbphys2a1s14lpp28g4l1c_phy_u0/i_dpl/RO_ropt_d_inst_322352/Y                                             (  out), R=0.230338, F=0.165697, Threshold=0.200000, LibThreshold=0.338000
** Pin : serdes_s4_lifc_u0/sbphys2a1s14lpp28g4l1c_phy_u0/i_dpl/i_dpl_core/i_ln2/i_dmux_txa/U121/A0                                 (   in), R=0.229013, F=0.162161, Threshold=0.200000, LibThreshold=0.338000
** Pin : serdes_s4_lifc_u0/sbphys2a1s14lpp28g4l1c_phy_u0/i_dpl/RO_ropt_d_inst_322391/Y                                             (  out), R=0.224434, F=0.158338, Threshold=0.200000, LibThreshold=0.338000
** Pin : serdes_s4_lifc_u0/serdes_s4_cfg_lifc_u0/npe_clk_mux2_u0/clkmux2to1_scan/B                                                 (   in), R=0.223480, F=0.223170, Threshold=0.200000, LibThreshold=0.338000
** Pin : serdes_s4_lifc_u0/sbphys2a1s14lpp28g4l1c_phy_u0/i_dpl/i_dpl_core/i_ln2/i_dmux_txa/U96/A0                                  (   in), R=0.222595, F=0.161356, Threshold=0.200000, LibThreshold=0.338000
** Pin : serdes_s4_lifc_u0/sbphys2a1s14lpp28g4l1c_phy_u0/Upteco_drc__December09__PTECO_DRC_BUF59/A                                 (   in), R=0.220879, F=0.196132, Threshold=0.200000, LibThreshold=0.338000
** Pin : cfg/led_signal_sync_u0/PSU3_0__pulse_sampling_u3/PO_SGI20_384012/Y                                                        (  out), R=0.220402, F=0.219101, Threshold=0.200000, LibThreshold=0.338000
** Pin : cfg/led_signal_sync_u0/PSU3_0__pulse_sampling_u3/PO_SGI23_384014/A                                                        (   in), R=0.220276, F=0.219458, Threshold=0.200000, LibThreshold=0.338000
** Pin : serdes_s4_lifc_u0/sbphys2a1s14lpp28g4l1c_phy_u0/i_dpl/i_dpl_core/i_ln2/i_dmux_txa/U61/A0                                  (   in), R=0.219740, F=0.160341, Threshold=0.200000, LibThreshold=0.338000
** Pin : serdes_s4_lifc_u0/sbphys2a1s14lpp28g4l1c_phy_u0/i_dpl/i_dpl_core/i_ln2/i_dmux_txa/U131/A0                                 (   in), R=0.219316, F=0.160686, Threshold=0.200000, LibThreshold=0.338000
** Pin : serdes_s4_lifc_u0/sbphys2a1s14lpp28g4l1c_phy_u0/i_dpl/i_dpl_core/i_ln2/i_dmux_txa/U76/A0                                  (   in), R=0.217813, F=0.160131, Threshold=0.200000, LibThreshold=0.338000
** Pin : cfg/led_signal_sync_u0/PSU0_14__pulse_sampling_u0/PO_SGI70_384138/Y                                                       (  out), R=0.217411, F=0.204848, Threshold=0.200000, LibThreshold=0.338000
** Pin : cfg/led_signal_sync_u0/PSU0_14__pulse_sampling_u0/PO_SGI76_384140/A                                                       (   in), R=0.217382, F=0.204949, Threshold=0.200000, LibThreshold=0.338000
** Pin : esi_dft_occ_wrap_SERDES_scan_clk_ln0_rxdiv_i/pll_clk_ATibuf_i101/A                                                        (   in), R=0.213562, F=0.209131, Threshold=0.200000, LibThreshold=0.338000
** Pin : serdes_s4_lifc_u0/serdes_s4_cfg_lifc_u0/PO_AINV_P_80439/Y                                                                 (  out), R=0.207711, F=0.178122, Threshold=0.200000, LibThreshold=0.338000
** Pin : lifcc_gate_tessent_tdr_MEM_PROGRAMMABLE_BITs_inst/tdr_reg_76_/SI                                                          (   in), R=0.206560, F=0.165183, Threshold=0.200000, LibThreshold=0.338000
** Pin : lifcc_gate_tessent_tdr_MEM_PROGRAMMABLE_BITs_inst/tdr_reg_75_/SI                                                          (   in), R=0.206560, F=0.165183, Threshold=0.200000, LibThreshold=0.338000
** Pin : lifcc_gate_tessent_tdr_MEM_PROGRAMMABLE_BITs_inst/tdr_latch78_reg/SI                                                      (   in), R=0.206560, F=0.165183, Threshold=0.200000, LibThreshold=0.338000
** Pin : lifcc_gate_tessent_tdr_MEM_PROGRAMMABLE_BITs_inst/tdr_reg_74_/SI                                                          (   in), R=0.206560, F=0.165183, Threshold=0.200000, LibThreshold=0.338000
** Pin : lifcc_gate_tessent_tdr_MEM_PROGRAMMABLE_BITs_inst/tdr_reg_78_/SI                                                          (   in), R=0.206560, F=0.165183, Threshold=0.200000, LibThreshold=0.338000
** Pin : lifcc_gate_tessent_tdr_MEM_PROGRAMMABLE_BITs_inst/PO_AINV_P_381224/Y                                                      (  out), R=0.206560, F=0.165183, Threshold=0.200000, LibThreshold=0.338000
** Pin : lifcc_gate_tessent_tdr_MEM_PROGRAMMABLE_BITs_inst/tdr_reg_80_/SI                                                          (   in), R=0.206560, F=0.165183, Threshold=0.200000, LibThreshold=0.338000
** Pin : lifcc_gate_tessent_tdr_MEM_PROGRAMMABLE_BITs_inst/tdr_reg_79_/SI                                                          (   in), R=0.206560, F=0.165183, Threshold=0.200000, LibThreshold=0.338000
** Pin : lifcc_gate_tessent_tdr_MEM_PROGRAMMABLE_BITs_inst/tdr_reg_81_/SI                                                          (   in), R=0.206560, F=0.165183, Threshold=0.200000, LibThreshold=0.338000
** Pin : lifcc_gate_tessent_tdr_MEM_PROGRAMMABLE_BITs_inst/tdr_latch81_reg/SI                                                      (   in), R=0.206560, F=0.165183, Threshold=0.200000, LibThreshold=0.338000
** Pin : lifcc_gate_tessent_tdr_MEM_PROGRAMMABLE_BITs_inst/tdr_reg_77_/SI                                                          (   in), R=0.206560, F=0.165183, Threshold=0.200000, LibThreshold=0.338000
** Pin : lifcc_gate_tessent_tdr_MEM_PROGRAMMABLE_BITs_inst/tdr_latch75_reg/SI                                                      (   in), R=0.206560, F=0.165183, Threshold=0.200000, LibThreshold=0.338000
** Pin : lifcc_gate_tessent_tdr_MEM_PROGRAMMABLE_BITs_inst/tdr_latch79_reg/SI                                                      (   in), R=0.206560, F=0.165183, Threshold=0.200000, LibThreshold=0.338000
** Pin : lifcc_gate_tessent_tdr_MEM_PROGRAMMABLE_BITs_inst/tdr_latch80_reg/SI                                                      (   in), R=0.206560, F=0.165183, Threshold=0.200000, LibThreshold=0.338000
** Pin : lifcc_gate_tessent_tdr_MEM_PROGRAMMABLE_BITs_inst/tdr_latch77_reg/SI                                                      (   in), R=0.206560, F=0.165183, Threshold=0.200000, LibThreshold=0.338000
** Pin : lifcc_gate_tessent_tdr_MEM_PROGRAMMABLE_BITs_inst/tdr_latch74_reg/SI                                                      (   in), R=0.206560, F=0.165183, Threshold=0.200000, LibThreshold=0.338000
** Pin : lifcc_gate_tessent_tdr_MEM_PROGRAMMABLE_BITs_inst/tdr_latch76_reg/SI                                                      (   in), R=0.206560, F=0.165183, Threshold=0.200000, LibThreshold=0.338000
** Pin : serdes_s4_lifc_u0/sbphys2a1s14lpp28g4l1c_phy_u0/i_dpl/i_dpl_core/i_ln2/i_bist_tx_top/U69/A0                               (   in), R=0.205791, F=0.149295, Threshold=0.200000, LibThreshold=0.338000
** Pin : serdes_s4_lifc_u0/sbphys2a1s14lpp28g4l1c_phy_u0/i_dpl/i_dpl_core/i_ln2/i_bist_tx_top/U73/A0                               (   in), R=0.205761, F=0.149291, Threshold=0.200000, LibThreshold=0.338000
** Pin : serdes_s4_lifc_u0/sbphys2a1s14lpp28g4l1c_phy_u0/i_dpl/i_dpl_core/i_ln2/i_bist_tx_top/U207/A0                              (   in), R=0.205382, F=0.149243, Threshold=0.200000, LibThreshold=0.338000
** Pin : serdes_s4_lifc_u0/sbphys2a1s14lpp28g4l1c_phy_u0/i_dpl/i_dpl_core/i_ln2/i_dmux_txa/U101/A0                                 (   in), R=0.205363, F=0.157947, Threshold=0.200000, LibThreshold=0.338000
** Pin : lifcc_gate_tessent_tdr_MEM_PROGRAMMABLE_BITs_inst/tdr_reg_26_/SI                                                          (   in), R=0.203808, F=0.163802, Threshold=0.200000, LibThreshold=0.338000
** Pin : lifcc_gate_tessent_tdr_MEM_PROGRAMMABLE_BITs_inst/tdr_reg_13_/SI                                                          (   in), R=0.203808, F=0.163802, Threshold=0.200000, LibThreshold=0.338000
** Pin : lifcc_gate_tessent_tdr_MEM_PROGRAMMABLE_BITs_inst/tdr_reg_14_/SI                                                          (   in), R=0.203808, F=0.163802, Threshold=0.200000, LibThreshold=0.338000
** Pin : lifcc_gate_tessent_tdr_MEM_PROGRAMMABLE_BITs_inst/tdr_reg_27_/SI                                                          (   in), R=0.203808, F=0.163802, Threshold=0.200000, LibThreshold=0.338000
** Pin : lifcc_gate_tessent_tdr_MEM_PROGRAMMABLE_BITs_inst/tdr_reg_15_/SI                                                          (   in), R=0.203808, F=0.163802, Threshold=0.200000, LibThreshold=0.338000
** Pin : lifcc_gate_tessent_tdr_MEM_PROGRAMMABLE_BITs_inst/tdr_reg_25_/SI                                                          (   in), R=0.203808, F=0.163802, Threshold=0.200000, LibThreshold=0.338000
** Pin : lifcc_gate_tessent_tdr_MEM_PROGRAMMABLE_BITs_inst/tdr_latch27_reg/SI                                                      (   in), R=0.203808, F=0.163802, Threshold=0.200000, LibThreshold=0.338000
** Pin : lifcc_gate_tessent_tdr_MEM_PROGRAMMABLE_BITs_inst/tdr_latch25_reg/SI                                                      (   in), R=0.203808, F=0.163802, Threshold=0.200000, LibThreshold=0.338000
** Pin : lifcc_gate_tessent_tdr_MEM_PROGRAMMABLE_BITs_inst/tdr_latch9_reg/SI                                                       (   in), R=0.203808, F=0.163802, Threshold=0.200000, LibThreshold=0.338000
** Pin : lifcc_gate_tessent_tdr_MEM_PROGRAMMABLE_BITs_inst/tdr_latch15_reg/SI                                                      (   in), R=0.203808, F=0.163802, Threshold=0.200000, LibThreshold=0.338000
** Pin : lifcc_gate_tessent_tdr_MEM_PROGRAMMABLE_BITs_inst/tdr_latch13_reg/SI                                                      (   in), R=0.203808, F=0.163802, Threshold=0.200000, LibThreshold=0.338000
** Pin : lifcc_gate_tessent_tdr_MEM_PROGRAMMABLE_BITs_inst/tdr_latch11_reg/SI                                                      (   in), R=0.203808, F=0.163802, Threshold=0.200000, LibThreshold=0.338000
** Pin : lifcc_gate_tessent_tdr_MEM_PROGRAMMABLE_BITs_inst/tdr_latch26_reg/SI                                                      (   in), R=0.203808, F=0.163802, Threshold=0.200000, LibThreshold=0.338000
** Pin : lifcc_gate_tessent_tdr_MEM_PROGRAMMABLE_BITs_inst/tdr_latch14_reg/SI                                                      (   in), R=0.203808, F=0.163802, Threshold=0.200000, LibThreshold=0.338000
** Pin : lifcc_gate_tessent_tdr_MEM_PROGRAMMABLE_BITs_inst/PO_AINV_P_381234/Y                                                      (  out), R=0.203808, F=0.163802, Threshold=0.200000, LibThreshold=0.338000
** Pin : lifcc_gate_tessent_tdr_MEM_PROGRAMMABLE_BITs_inst/tdr_latch12_reg/SI                                                      (   in), R=0.203808, F=0.163802, Threshold=0.200000, LibThreshold=0.338000
** Pin : serdes_s4_lifc_u0/sbphys2a1s14lpp28g4l1c_phy_u0/i_dpl/i_dpl_core/i_ln2/i_bist_tx_top/U209/A0                              (   in), R=0.203476, F=0.148885, Threshold=0.200000, LibThreshold=0.338000
** Pin : serdes_s4_lifc_u0/sbphys2a1s14lpp28g4l1c_phy_u0/i_dpl/i_dpl_core/i_ln2/i_bist_tx_top/U72/A0                               (   in), R=0.203248, F=0.148802, Threshold=0.200000, LibThreshold=0.338000
** Pin : serdes_s4_lifc_u0/sbphys2a1s14lpp28g4l1c_phy_u0/i_dpl/i_dpl_core/i_ln2/i_bist_tx_top/U74/A0                               (   in), R=0.202340, F=0.148527, Threshold=0.200000, LibThreshold=0.338000
** Pin : serdes_s4_lifc_u0/sbphys2a1s14lpp28g4l1c_phy_u0/i_dpl/i_dpl_core/i_ln2/i_bist_tx_top/U206/A0                              (   in), R=0.201822, F=0.147416, Threshold=0.200000, LibThreshold=0.338000
** Pin : cfg/led_signal_sync_u0/PSU2_6__pulse_sampling_u2/PO_SGI23_383944/A                                                        (   in), R=0.201260, F=0.190570, Threshold=0.200000, LibThreshold=0.338000
** Pin : serdes_s4_lifc_u0/sbphys2a1s14lpp28g4l1c_phy_u0/i_dpl/i_dpl_core/i_ln2/i_bist_tx_top/U68/A0                               (   in), R=0.201242, F=0.147182, Threshold=0.200000, LibThreshold=0.338000
** Pin : cfg/led_signal_sync_u0/PSU2_6__pulse_sampling_u2/PO_SGI20_383942/Y                                                        (  out), R=0.201238, F=0.190452, Threshold=0.200000, LibThreshold=0.338000
** Pin : serdes_s4_lifc_u0/sbphys2a1s14lpp28g4l1c_phy_u0/i_dpl/i_dpl_core/i_ln2/i_bist_tx_top/U70/A0                               (   in), R=0.201150, F=0.147128, Threshold=0.200000, LibThreshold=0.338000
** Pin : serdes_s4_lifc_u0/sbphys2a1s14lpp28g4l1c_phy_u0/i_dpl/i_dpl_core/i_ln2/i_bist_tx_top/U37/A0                               (   in), R=0.200970, F=0.148001, Threshold=0.200000, LibThreshold=0.338000
** Pin : serdes_s4_lifc_u0/sbphys2a1s14lpp28g4l1c_phy_u0/i_dpl/i_dpl_core/i_ln2/i_bist_tx_top/U36/A0                               (   in), R=0.200045, F=0.147531, Threshold=0.200000, LibThreshold=0.338000
** Pin : cfg/cfg_pcie_top/pcie_wrapper_u0/u_pma/RXP2                                                                               (   in), R=0.200000, F=0.200000, Threshold=0.100000, LibThreshold=0.100000
** Pin : cfg/cfg_pcie_top/pcie_wrapper_u0/u_pma/RXP3                                                                               (   in), R=0.200000, F=0.200000, Threshold=0.100000, LibThreshold=0.100000
** Pin : cfg/cfg_pcie_top/pcie_wrapper_u0/u_pma/RXP2                                                                               (   in), R=0.200000, F=0.200000, Threshold=0.100000, LibThreshold=0.100000
** Pin : cfg/cfg_pcie_top/pcie_wrapper_u0/u_pma/RXP3                                                                               (   in), R=0.200000, F=0.200000, Threshold=0.100000, LibThreshold=0.100000
** Pin : serdes_s4_lifc_u0/sbphys2a1s14lpp28g4l1c_phy_u0/i_afe/afe_sr_atest_sel_i[5]                                               (   in), R=0.149389, F=0.165659, Threshold=0.151700, LibThreshold=0.151700
** Pin : serdes_s4_lifc_u0/sbphys2a1s14lpp28g4l1c_phy_u0/i_afe/afe_dr_acal_sel_i[1]                                                (   in), R=0.143821, F=0.159225, Threshold=0.150000, LibThreshold=0.150000
** Pin : serdes_s4_lifc_u0/sbphys2a1s14lpp28g4l1c_phy_u0/i_afe/afe_dr_acal_sel_i[0]                                                (   in), R=0.137027, F=0.152137, Threshold=0.150000, LibThreshold=0.150000
SUMMARY: 151 pins have transition time greater than specified threshold of 0.200000 or max_constraint on lib 

